
> build
> vite build

[@lovable.dev/vite-tanstack-config] No Lovable context detected ΓÇö skipping nitro deploy plugin. Pass `nitro: true` (or `nitro: { ... }`) to force-enable.
[@lovable.dev/vite-tanstack-config] No Lovable context detected ΓÇö skipping nitro deploy plugin. Pass `nitro: true` (or `nitro: { ... }`) to force-enable.
[@lovable.dev/vite-tanstack-config] No Lovable context detected ΓÇö skipping nitro deploy plugin. Pass `nitro: true` (or `nitro: { ... }`) to force-enable.
[36mvite v7.3.5 [32mbuilding client environment for production...[36m[39m
transforming...
[32mΓ£ô[39m 2431 modules transformed.
rendering chunks...
computing gzip size...
[2mdist/client/[22m[32massets/hero-cosmos-BIG1fOSn.jpg                [39m[1m[2m122.23 kB[22m[1m[22m
[2mdist/client/[22m[35massets/styles-DyCkODM9.css                     [39m[1m[2m 85.47 kB[22m[1m[22m[2m Γöé gzip:  14.37 kB[22m
[2mdist/client/[22m[36massets/kosmo-logo.png.asset-B_7YSoZF.js        [39m[1m[2m  0.11 kB[22m[1m[22m[2m Γöé gzip:   0.12 kB[22m
[2mdist/client/[22m[36massets/plus-uunk0aJb.js                        [39m[1m[2m  0.17 kB[22m[1m[22m[2m Γöé gzip:   0.16 kB[22m
[2mdist/client/[22m[36massets/search-BexcLjU0.js                      [39m[1m[2m  0.18 kB[22m[1m[22m[2m Γöé gzip:   0.17 kB[22m
[2mdist/client/[22m[36massets/circle-check-BPm92Q4k.js                [39m[1m[2m  0.19 kB[22m[1m[22m[2m Γöé gzip:   0.17 kB[22m
[2mdist/client/[22m[36massets/product._id-BPwEL64n.js                 [39m[1m[2m  0.20 kB[22m[1m[22m[2m Γöé gzip:   0.18 kB[22m
[2mdist/client/[22m[36massets/dollar-sign-Ca42-5fO.js                 [39m[1m[2m  0.23 kB[22m[1m[22m[2m Γöé gzip:   0.20 kB[22m
[2mdist/client/[22m[36massets/upload-CijxECxr.js                      [39m[1m[2m  0.24 kB[22m[1m[22m[2m Γöé gzip:   0.20 kB[22m
[2mdist/client/[22m[36massets/download-Drnagah9.js                    [39m[1m[2m  0.24 kB[22m[1m[22m[2m Γöé gzip:   0.20 kB[22m
[2mdist/client/[22m[36massets/heart-D44lX92r.js                       [39m[1m[2m  0.27 kB[22m[1m[22m[2m Γöé gzip:   0.23 kB[22m
[2mdist/client/[22m[36massets/layout-grid-Dt1800mY.js                 [39m[1m[2m  0.36 kB[22m[1m[22m[2m Γöé gzip:   0.20 kB[22m
[2mdist/client/[22m[36massets/product._id-dy9B84cm.js                 [39m[1m[2m  0.37 kB[22m[1m[22m[2m Γöé gzip:   0.26 kB[22m
[2mdist/client/[22m[36massets/package-BHHITUoj.js                     [39m[1m[2m  0.38 kB[22m[1m[22m[2m Γöé gzip:   0.26 kB[22m
[2mdist/client/[22m[36massets/_app.dashboard.earnings-CLbh9_Se.js     [39m[1m[2m  0.47 kB[22m[1m[22m[2m Γöé gzip:   0.29 kB[22m
[2mdist/client/[22m[36massets/_app.dashboard.purchases-DWwaBsYC.js    [39m[1m[2m  0.50 kB[22m[1m[22m[2m Γöé gzip:   0.30 kB[22m
[2mdist/client/[22m[36massets/sparkles-BSujP21w.js                    [39m[1m[2m  0.51 kB[22m[1m[22m[2m Γöé gzip:   0.29 kB[22m
[2mdist/client/[22m[36massets/mock-assets-CHNP8A0-.js                 [39m[1m[2m  1.28 kB[22m[1m[22m[2m Γöé gzip:   0.76 kB[22m
[2mdist/client/[22m[36massets/createLucideIcon-DuoyIBl-.js            [39m[1m[2m  1.38 kB[22m[1m[22m[2m Γöé gzip:   0.78 kB[22m
[2mdist/client/[22m[36massets/_app.dashboard.favorites-CR5hN2Jg.js    [39m[1m[2m  1.42 kB[22m[1m[22m[2m Γöé gzip:   0.73 kB[22m
[2mdist/client/[22m[36massets/_app.dashboard.analytics-BOcV5Rpd.js    [39m[1m[2m  1.51 kB[22m[1m[22m[2m Γöé gzip:   0.68 kB[22m
[2mdist/client/[22m[36massets/categories-nX5LsC4q.js                  [39m[1m[2m  1.88 kB[22m[1m[22m[2m Γöé gzip:   0.97 kB[22m
[2mdist/client/[22m[36massets/products-BAqZJkye.js                    [39m[1m[2m  2.08 kB[22m[1m[22m[2m Γöé gzip:   0.70 kB[22m
[2mdist/client/[22m[36massets/_app.dashboard.settings-CUIUnCRq.js     [39m[1m[2m  2.10 kB[22m[1m[22m[2m Γöé gzip:   0.96 kB[22m
[2mdist/client/[22m[36massets/_app.dashboard.my-products-C2aMj7rK.js  [39m[1m[2m  2.13 kB[22m[1m[22m[2m Γöé gzip:   0.93 kB[22m
[2mdist/client/[22m[36massets/type-DKP0CG9d.js                        [39m[1m[2m  2.24 kB[22m[1m[22m[2m Γöé gzip:   0.97 kB[22m
[2mdist/client/[22m[36massets/login-Btvi9nPQ.js                       [39m[1m[2m  2.34 kB[22m[1m[22m[2m Γöé gzip:   1.09 kB[22m
[2mdist/client/[22m[36massets/pricing-CkIKYx0P.js                     [39m[1m[2m  2.80 kB[22m[1m[22m[2m Γöé gzip:   1.10 kB[22m
[2mdist/client/[22m[36massets/register-C_OPgMOT.js                    [39m[1m[2m  2.93 kB[22m[1m[22m[2m Γöé gzip:   1.27 kB[22m
[2mdist/client/[22m[36massets/_app.dashboard-DaYuTbTX.js              [39m[1m[2m  2.95 kB[22m[1m[22m[2m Γöé gzip:   1.31 kB[22m
[2mdist/client/[22m[36massets/become-creator-J7-Wl6mS.js              [39m[1m[2m  3.06 kB[22m[1m[22m[2m Γöé gzip:   1.16 kB[22m
[2mdist/client/[22m[36massets/Footer-uQEQFNx4.js                      [39m[1m[2m  4.41 kB[22m[1m[22m[2m Γöé gzip:   1.67 kB[22m
[2mdist/client/[22m[36massets/_app-0vStznlJ.js                        [39m[1m[2m  4.55 kB[22m[1m[22m[2m Γöé gzip:   1.81 kB[22m
[2mdist/client/[22m[36massets/marketplace-DNsUPXKq.js                 [39m[1m[2m  5.55 kB[22m[1m[22m[2m Γöé gzip:   2.25 kB[22m
[2mdist/client/[22m[36massets/product._id-DLJS3t-4.js                 [39m[1m[2m  5.86 kB[22m[1m[22m[2m Γöé gzip:   2.32 kB[22m
[2mdist/client/[22m[36massets/index-BmV124sH.js                       [39m[1m[2m 13.72 kB[22m[1m[22m[2m Γöé gzip:   4.16 kB[22m
[2mdist/client/[22m[36massets/_app.dashboard.upload-D_BbbyeA.js       [39m[1m[2m 17.61 kB[22m[1m[22m[2m Γöé gzip:   5.45 kB[22m
[2mdist/client/[22m[36massets/index.esm-DPrFZ0SB.js                   [39m[1m[2m 25.94 kB[22m[1m[22m[2m Γöé gzip:   9.67 kB[22m
[2mdist/client/[22m[36massets/proxy-Vt6B5DhX.js                       [39m[1m[2m122.60 kB[22m[1m[22m[2m Γöé gzip:  40.03 kB[22m
[2mdist/client/[22m[36massets/index-Dr9DKfYe.js                       [39m[1m[33m618.73 kB[39m[22m[2m Γöé gzip: 179.32 kB[22m
node.exe : [33m
At line:1 char:1
+ & "C:\Program Files\nodejs/node.exe" "C:\Users\PC\AppData\Roaming\npm ...
+ ~~~~~~~~~~~~~~~~~~~~~~~~~~~~~~~~~~~~~~~~~~~~~~~~~~~~~~~~~~~~~~~~~~~~~
    + CategoryInfo          : NotSpecified: ([33m:String) [], RemoteException
    + FullyQualifiedErrorId : NativeCommandError
 
(!) Some chunks are larger than 500 kB after minification. Consider:
- Using dynamic import() to code-split the application
- Use build.rollupOptions.output.manualChunks to improve chunking: 
https://rollupjs.org/configuration-options/#output-manualchunks
- Adjust chunk size limit for this warning via 
build.chunkSizeWarningLimit.[39m
[32mΓ£ô built in 1m 51s[39m
[36mvite v7.3.5 [32mbuilding ssr environment for production...[36m[39m
transforming...
[33m"createRequestHandler", "defineHandlerCallback", 
"transformPipeableStreamWithRouter" and "transformReadableStreamWithRouter" 
are imported from external module "@tanstack/router-core/ssr/server" but never 
used in "node_modules/@tanstack/start-server-core/dist/esm/index.js".[39m
[33m"RawStream" is imported from external module "@tanstack/router-core" but 
never used in 
"node_modules/@tanstack/start-client-core/dist/esm/index.js".[39m
[33m"hydrate" and "json" are imported from external module 
"@tanstack/router-core/ssr/client" but never used in 
"node_modules/@tanstack/start-client-core/dist/esm/index.js".[39m
[32mΓ£ô[39m 108 modules transformed.
rendering chunks...
[2mdist/server/[22m[36massets/empty-plugin-adapters-BFgPZ6_d.js       [39m[1m[2m 0.13 kB[22m[1m[22m
[2mdist/server/[22m[36massets/kosmo-logo.png.asset-DUjQyN20.js        [39m[1m[2m 0.14 kB[22m[1m[22m
[2mdist/server/[22m[36massets/product._id-0cPntOPY.js                 [39m[1m[2m 0.28 kB[22m[1m[22m
[2mdist/server/[22m[36massets/product._id-Tz5esfTf.js                 [39m[1m[2m 0.54 kB[22m[1m[22m
[2mdist/server/[22m[36massets/_app.dashboard.earnings-fHXkmphy.js     [39m[1m[2m 0.64 kB[22m[1m[22m
[2mdist/server/[22m[36massets/_app.dashboard.purchases-BabV3HE2.js    [39m[1m[2m 0.67 kB[22m[1m[22m
[2mdist/server/[22m[36massets/start-DqJRyyCg.js                       [39m[1m[2m 1.71 kB[22m[1m[22m
[2mdist/server/[22m[36massets/mock-assets-at6MufyI.js                 [39m[1m[2m 1.73 kB[22m[1m[22m
[2mdist/server/[22m[36massets/_app.dashboard.favorites-CnfIGM-Z.js    [39m[1m[2m 2.24 kB[22m[1m[22m
[2mdist/server/[22m[36massets/_app.dashboard.analytics-C3RBz-sS.js    [39m[1m[2m 2.55 kB[22m[1m[22m
[2mdist/server/[22m[36massets/categories-BgjO3Mp0.js                  [39m[1m[2m 3.07 kB[22m[1m[22m
[2mdist/server/[22m[36massets/_app.dashboard.my-products-DdVc5q23.js  [39m[1m[2m 3.28 kB[22m[1m[22m
[2mdist/server/[22m[36massets/products-BZt9QpTl.js                    [39m[1m[2m 3.28 kB[22m[1m[22m
[2mdist/server/[22m[36mserver.js                                      [39m[1m[2m 3.34 kB[22m[1m[22m
[2mdist/server/[22m[36massets/_app.dashboard.settings-BwnE5psP.js     [39m[1m[2m 3.37 kB[22m[1m[22m
[2mdist/server/[22m[36massets/login-DG6HnS9u.js                       [39m[1m[2m 3.69 kB[22m[1m[22m
[2mdist/server/[22m[36massets/pricing-Cj1HfYk0.js                     [39m[1m[2m 3.87 kB[22m[1m[22m
[2mdist/server/[22m[36massets/become-creator-CYEu0pk-.js              [39m[1m[2m 4.21 kB[22m[1m[22m
[2mdist/server/[22m[36massets/_app.dashboard-gYwBUTU7.js              [39m[1m[2m 4.25 kB[22m[1m[22m
[2mdist/server/[22m[36massets/register-BPSq09_r.js                    [39m[1m[2m 4.65 kB[22m[1m[22m
[2mdist/server/[22m[36massets/_app-Doslt5cY.js                        [39m[1m[2m 4.79 kB[22m[1m[22m
[2mdist/server/[22m[36massets/_tanstack-start-manifest_v-CcT-eNbJ.js  [39m[1m[2m 6.44 kB[22m[1m[22m
[2mdist/server/[22m[36massets/Footer-kHqrC2Bx.js                      [39m[1m[2m 6.51 kB[22m[1m[22m
[2mdist/server/[22m[36massets/product._id-Bz04c14W.js                 [39m[1m[2m 8.46 kB[22m[1m[22m
[2mdist/server/[22m[36massets/marketplace-BkfAdrCN.js                 [39m[1m[2m 8.47 kB[22m[1m[22m
[2mdist/server/[22m[36massets/router-BLgaX3af.js                      [39m[1m[2m16.10 kB[22m[1m[22m
[2mdist/server/[22m[36massets/index-bQT3qDUA.js                       [39m[1m[2m19.25 kB[22m[1m[22m
[2mdist/server/[22m[36massets/_app.dashboard.upload-Co7CwZ32.js       [39m[1m[2m27.94 kB[22m[1m[22m
[2mdist/server/[22m[36massets/server-DKGFmiHg.js                      [39m[1m[2m58.37 kB[22m[1m[22m
[32mΓ£ô built in 1m 59s[39m
